mysql: [Warning] C:\Program Files\MySQL\MySQL Server 8.0\bin\mysql.exe: ignoring option '--no-beep' due to invalid value ''.
Enter password: *****
Welcome to the MySQL monitor.  Commands end with ; or \g.
Your MySQL connection id is 8
Server version: 8.0.21 MySQL Community Server - GPL

Copyright (c) 2000, 2020, Oracle and/or its affiliates. All rights reserved.

Oracle is a registered trademark of Oracle Corporation and/or its
affiliates. Other names may be trademarks of their respective
owners.

Type 'help;' or '\h' for help. Type '\c' to clear the current input statement.

mysql> create table student(id varchar(5) not null, m1 varchar(10) not null, m2 varchar(10) not null, m3 varchar(10) not null, primary key(id));
ERROR 1046 (3D000): No database selected
mysql> show databases;
+-----------------------------+
| Database                    |
+-----------------------------+
| computer_training_institute |
| customer_order              |
| emp                         |
| employee                    |
| information_schema          |
| mysql                       |
| performance_schema          |
| sakila                      |
| student                     |
| sys                         |
| world                       |
+-----------------------------+
11 rows in set (0.07 sec)

mysql> use mysql;
Database changed
mysql> create table student(id varchar(5) not null, m1 varchar(10) not null, m2 varchar(10) not null, m3 varchar(10) not null, primary key(id));
Query OK, 0 rows affected (0.10 sec)

mysql> insert into student(id,m1,m2,m3) values ('1','40','40','40');
Query OK, 1 row affected (0.02 sec)

mysql> insert into student(id,m1,m2,m3) values ('2','50','40','40');
Query OK, 1 row affected (0.01 sec)

mysql> insert into student(id,m1,m2,m3) values ('3','50','70','70');
Query OK, 1 row affected (0.01 sec)

mysql> delimiter ##
mysql> create procedure grade()
    -> begin
    -> declare pid,pm1,pm2,pm3,pm int;
    -> declare student_cursor for select * from student;
    -> open student_cursor;
    -> cursor_student:loop
    -> fetch student_cursor into pid,pm1,pm2,pm3;
    -> set pm=(pm1+pm2+pm3)/3;
    -> if pm>=70 then select concat('DISTINCTION',pm) as "rows";
    -> end if;
    -> if pm>=60 then select concat('FIRST CLASS',pm) as "rows";
    -> end if;
    -> end loop cursor_student;
    -> close student_cursor;
    -> end
    -> ##
ERROR 1064 (42000): You have an error in your SQL syntax; check the manual that corresponds to your MySQL server version for the right syntax to use near 'for select * from student;
open student_cursor;
cursor_student:loop
fetch studen' at line 4
mysql> delimiter ##
mysql> create procedure grade()
    -> begin
    -> declare pid,pm1,pm2,pm3,pm int;
    -> declare student_cursor cursor for select * from student;
    -> open student_cursor;
    -> cursor_student:loop
    -> fetch student_cursor into pid,pm1,pm2,pm3;
    -> set pm=(pm1+pm2+pm3)/3;
    ->  if pm>=70 then select concat('distinction',pm) as "rows";
    -> end if;
    ->  if pm>=60 then select concat('first class',pm) as "rows";
    -> end if;
    -> end loop cursor_student;
    -> close student_cursor;
    -> end
    -> ##
Query OK, 0 rows affected (0.03 sec)

mysql> delimiter ;
mysql> call grade();
+---------------+
| rows          |
+---------------+
| first class63 |
+---------------+
1 row in set (0.01 sec)

ERROR 1329 (02000): No data - zero rows fetched, selected, or processed
mysql> call grade();
+---------------+
| rows          |
+---------------+
| first class63 |
+---------------+
1 row in set (0.00 sec)

ERROR 1329 (02000): No data - zero rows fetched, selected, or processed
mysql>